
> stack-chan@1.1.0 check:architecture
> rm -rf dist-architecture && tsc --project tsconfig.architecture.json && node --test "dist-architecture/host/**/*.architecture.js"

✔ host manifests use a stable application name (0.881583ms)
✔ the 24px font bundles UI glyphs and uppercase Latin letters (0.929563ms)
✔ the CJK font bundles only glyphs used by localization catalogs (4.092023ms)
✔ main UI display list capacity is independent of the startup path (1.198548ms)
✔ firmware localization catalogs have matching keys and placeholders (3.057393ms)
✔ the Simplified Chinese UI font covers every localized firmware glyph (12.529091ms)
✔ wasm microphone reuses the shared ownership helper instead of casting (1.657277ms)
✔ playback path forwards large ArrayBuffers without copy helpers (1.608066ms)
✔ wasm remote TTS engines share one stub while stackchan-voice keeps its native renderer (2.826329ms)
✔ M5StackChan CoreS3 excludes the fallback stackchan-voice module before selecting the device renderer (0.355797ms)
✔ M5StackChan CoreS3 excludes the generic PCM writer before selecting its target adapter (0.300814ms)
✔ XiaoZhi uplink has one native SPSC path without spin locks (1.534336ms)
✔ conversation modules stay independent of app layer contracts (5.783083ms)
✔ device TTS engines delegate playback state and AudioOut lifecycle to the shared helper (2.095099ms)
✔ Whisper multipart upload does not concatenate the whole recording buffer (1.86229ms)
✔ stackchan-voice vendor snapshot matches its recorded provenance (14.90254ms)
✔ the 4 MB M5Stack target uses the BLE-only local-peer registry (2.035727ms)
✔ ESP32 transport binding removes the simulator fallback before adding hardware transports (0.275106ms)
✔ battery status module covers every supported M5 PMIC target (1.879054ms)
✔ loadPreference is imported only by app composition and preferences module (150.29891ms)
✔ runtime modules own implementation manifests and tests under host/modules (15.495449ms)
✔ production runtime imports use manifest module specifiers instead of relative paths (126.755758ms)
✔ low-level motion, input, and UI modules avoid async and Promise control flow (6.325826ms)
✔ Timer and input handlers do not inline async functions (23.375954ms)
✔ periodic motion hot paths reuse fixed state and callbacks (2.342152ms)
✔ motion protocol continuable command errors are reported through callbacks (0.627917ms)
✔ optional PY32 hardware initialization is reported without making consumers throw (0.968596ms)
✔ runtime state machines keep internal state as numeric constants (0.768952ms)
✔ UI palette state stays numeric and converts colors at Piu render boundaries (1.687965ms)
✔ shared fakes live in modules/testing and module-local fakes stay under module tests (15.741669ms)
✔ sample MOD manifests live under mods/examples (0.942026ms)
✔ sample MOD relative manifest includes resolve from examples directories (20.652258ms)
✔ sample MODs use namespaced context capabilities (4.559315ms)
✔ subplatforms that define camera pins are gated into the camera and conversation manifests (1.363534ms)
✔ XiaoZhi is enabled only for targets with its complete module graph (0.976527ms)
✔ sample MOD sources import only public or sample-local modules (5.202234ms)
✔ production manifests do not resolve test or architecture sources (24.737379ms)
✔ Node unit test tsconfig discovers host tests by glob and excludes Moddable test entries (9.34456ms)
✔ module Moddable test manifests include implementation and testing manifests (21.143193ms)
✔ Moddable test manifests use local test modules as main entries (9.954384ms)
✔ Moddable test main entries trace ok and avoid not ok status strings (11.198207ms)
✔ UI views own Moddable test manifests under their view directories (0.959038ms)
✔ UI manifests bundle the QR code renderer for MODs (2.353022ms)
✔ UI manifests do not expose legacy renderer adapter modules (0.607849ms)
✔ MusicNotes animation hot path does not allocate or trigger layout (1.204508ms)
✔ ImageAvatarLite sample MOD owns its pack assets and license notice (2.435646ms)
✔ UI manifests leave ImageAvatarLite sprites to the sample MOD (0.697367ms)
✔ FaceState stays on plain objects instead of DataView-backed cdv views (2.020458ms)
✔ FaceBehavior applies breathing without reassigning coordinates on every tick (5.40837ms)
✔ FaceView owns face skin palette calculation (2.945643ms)
✔ Emoticon effects avoid Shape, Skin, and Style allocation (2.538179ms)
✔ face parts bound their outline caches and avoid allocation in onFaceState (11.76591ms)
✔ ImageAvatar animated sprites avoid per-frame allocation in onFaceState (1.295865ms)
✔ Bubble components avoid Shape backgrounds (1.105387ms)
✔ UI animation hot paths do not allocate Piu skins/styles or update text each tick (6.862886ms)
✔ CommonView mutates drawer items incrementally after batch creation (1.493501ms)
✔ default launch behavior reaches the settings screen only through setup-mode (1.559003ms)
✔ CoreS3 composes the USB Dock without leaking it into shared or WASM graphs (2.478958ms)
✔ USB transport stays platform-specific while physical audio remains on the main VM (2.691458ms)
✔ release and diagnostic manifests compose the same USB Dock in layers (0.433072ms)
✔ vendored Dock wire vectors retain pinned provenance and byte hashes (9.506794ms)
▶ Stack-chan platform manifest
  ✔ subplatforms reuse the XS creation block of their base target (9.629986ms)
  ✔ subplatforms ship a provider, an app manifest, and npm scripts (8.109995ms)
  ✔ dedicated smart-servo platforms lock their hardware driver (0.465533ms)
  ✔ M5StackChan extends CoreS3 setup through a distinct setup module (0.471003ms)
  ✔ M5StackChan keeps MOD selector modules in the host application (0.3305ms)
  ✔ CoreS3 AudioOut applies the sample rate without overriding amplifier volume (0.587322ms)
  ✔ camera-sharing subplatform providers pin the internal I2C bus to port 1 (2.657252ms)
  ✔ CoreS3 camera preview fits the available internal DMA block (2.163678ms)
  ✔ CoreS3 XS heap growth stays in PSRAM and preserves DMA-capable internal RAM (0.420699ms)
  ✔ the M5StackChan CoreS3 smoke MOD exercises hardware APIs and documents real npm scripts (4.39033ms)
✔ Stack-chan platform manifest (31.551296ms)
✔ native binding bridge modules use Moddable Native API instead of @ syntax (2.778285ms)
✔ WASM-only imports stay under wasm platform and wasm implementation files (39.917458ms)
✔ WASM source imports omit TypeScript file extensions (15.739591ms)
✔ WASM servo driver facades map through the manifest and re-export the consolidated WasmDriver (0.973685ms)
✔ WASM PY32 LED facade re-exports the shared LED stub through a manifest module specifier (0.299131ms)
✔ WASM manifest keeps the shared app runtime module list in sync with the host app manifest (0.72534ms)
✔ camera preview aliases keep WASM-only bindings out of the shared import graph (2.249708ms)
ℹ tests 78
ℹ suites 1
ℹ pass 78
ℹ fail 0
ℹ cancelled 0
ℹ skipped 0
ℹ todo 0
ℹ duration_ms 439.801405
